2024-08-12T11:47:38.095Z - Bot ID: 21f1112b-0e3f-4757-ba47-4211a800361f, API execution time: 4513ms, Start Time: 2024-08-12T11:47:19.000Z, Join Time: 2024-08-12T11:47:29.609Z, Time Taken to Join: 10609ms
2024-08-12T11:47:57.565Z - Bot ID: 0af0ca48-1b59-4733-a111-5302c66b77b2, API execution time: 1454ms, Start Time: 2024-08-12T11:47:39.000Z, Join Time: 2024-08-12T11:47:53.972Z, Time Taken to Join: 14972ms
2024-08-12T11:48:16.703Z - Bot ID: 14697d06-7185-4a52-9840-6099b890638b, API execution time: 1140ms, Start Time: 2024-08-12T11:47:58.000Z, Join Time: 2024-08-12T11:48:09.645Z, Time Taken to Join: 11645ms
2024-08-12T11:48:35.815Z - Bot ID: 97e0276e-40ce-49b1-9cb4-1dea4b2efcea, API execution time: 927ms, Start Time: 2024-08-12T11:48:17.000Z, Join Time: 2024-08-12T11:48:28.549Z, Time Taken to Join: 11549ms
2024-08-12T11:49:11.758Z - Bot ID: 6c78230b-1604-409f-833f-7984c7c8c2b2, API execution time: 17860ms, Start Time: 2024-08-12T11:48:53.000Z, Join Time: 2024-08-12T11:49:04.551Z, Time Taken to Join: 11551ms
2024-08-12T11:49:30.513Z - Bot ID: 86b5cf5f-ddfd-4d11-b703-c1c37cc642fe, API execution time: 856ms, Start Time: 2024-08-12T11:49:12.000Z, Join Time: 2024-08-12T11:49:24.806Z, Time Taken to Join: 12806ms
2024-08-12T11:49:49.211Z - Bot ID: 76f67867-045f-4295-81f3-bdcfaaf877ca, API execution time: 790ms, Start Time: 2024-08-12T11:49:31.000Z, Join Time: 2024-08-12T11:49:41.601Z, Time Taken to Join: 10601ms
2024-08-12T11:50:13.498Z - Bot ID: 2039e619-5e80-44fa-aaa3-3c0d287ef0b9, API execution time: 1013ms, Start Time: 2024-08-12T11:49:50.000Z, Join Time: 2024-08-12T11:50:12.984Z, Time Taken to Join: 22984ms
2024-08-12T11:50:32.170Z - Bot ID: b4dbf7ab-5f98-4521-8d46-fa8252ab664f, API execution time: 946ms, Start Time: 2024-08-12T11:50:14.000Z, Join Time: 2024-08-12T11:50:26.006Z, Time Taken to Join: 12006ms
2024-08-12T11:50:51.097Z - Bot ID: 0ab89983-520d-42ac-8f9f-aa28a49eba4a, API execution time: 994ms, Start Time: 2024-08-12T11:50:33.000Z, Join Time: 2024-08-12T11:50:43.525Z, Time Taken to Join: 10525ms
2024-08-12T11:51:09.928Z - Bot ID: 8c08124e-7d85-42e1-a18d-b33784296362, API execution time: 942ms, Start Time: 2024-08-12T11:50:51.000Z, Join Time: 2024-08-12T11:51:02.386Z, Time Taken to Join: 11386ms
2024-08-12T11:51:28.683Z - Bot ID: b8b20661-f483-4798-bc5b-882b77a12c62, API execution time: 847ms, Start Time: 2024-08-12T11:51:10.000Z, Join Time: 2024-08-12T11:51:23.647Z, Time Taken to Join: 13647ms
2024-08-12T11:51:47.579Z - Bot ID: 02c9545a-5ed8-4b74-9a16-6ef9b8f24e0e, API execution time: 1007ms, Start Time: 2024-08-12T11:51:29.000Z, Join Time: 2024-08-12T11:51:43.129Z, Time Taken to Join: 14129ms
2024-08-12T11:52:06.707Z - Bot ID: 748a265d-ee41-48dc-9253-8dd5f1556704, API execution time: 1141ms, Start Time: 2024-08-12T11:51:48.000Z, Join Time: 2024-08-12T11:52:00.267Z, Time Taken to Join: 12267ms
2024-08-12T11:52:25.863Z - Bot ID: bce7b75b-32d3-4f93-8ae6-09d9e26908ea, API execution time: 899ms, Start Time: 2024-08-12T11:52:07.000Z, Join Time: 2024-08-12T11:52:18.914Z, Time Taken to Join: 11914ms
2024-08-12T11:52:44.459Z - Bot ID: e69821ba-0d82-4eb1-b386-07dd93b3449e, API execution time: 833ms, Start Time: 2024-08-12T11:52:26.000Z, Join Time: 2024-08-12T11:52:38.437Z, Time Taken to Join: 12437ms
2024-08-12T11:53:03.951Z - Bot ID: e8992173-1042-4f45-8ecc-5307dbf784fe, API execution time: 919ms, Start Time: 2024-08-12T11:52:45.000Z, Join Time: 2024-08-12T11:52:56.175Z, Time Taken to Join: 11175ms
2024-08-12T11:53:22.829Z - Bot ID: 1525d6ca-c29b-4da7-b271-360c293ea097, API execution time: 1149ms, Start Time: 2024-08-12T11:53:05.000Z, Join Time: 2024-08-12T11:53:15.373Z, Time Taken to Join: 10373ms
2024-08-12T11:53:46.883Z - Bot ID: fe5beb26-881f-4372-9868-ed750d11c548, API execution time: 841ms, Start Time: 2024-08-12T11:53:23.000Z, Join Time: 2024-08-12T11:53:44.667Z, Time Taken to Join: 21667ms
2024-08-12T11:54:05.563Z - Bot ID: ee0c46af-6e96-4e97-9690-a61abdaaa789, API execution time: 812ms, Start Time: 2024-08-12T11:53:47.000Z, Join Time: 2024-08-12T11:54:02.989Z, Time Taken to Join: 15989ms
